[16:06:08.722] [32mINFO[39m (271267): [36mServer listening[39m
    [35mport[39m: 8080
[16:06:26.390] [32mINFO[39m (271267): [36mrequest completed[39m
    [35mreq[39m: {
      "id": 1,
      "method": "GET",
      "url": "/api/case-types"
    }
    [35mres[39m: {
      "statusCode": 200
    }
    [35mresponseTime[39m: 67
[16:07:20.972] [32mINFO[39m (271267): [36mrequest completed[39m
    [35mreq[39m: {
      "id": 2,
      "method": "GET",
      "url": "/api/auth/me"
    }
    [35mres[39m: {
      "statusCode": 401
    }
    [35mresponseTime[39m: 10
[16:07:26.454] [32mINFO[39m (271267): [36mrequest completed[39m
    [35mreq[39m: {
      "id": 3,
      "method": "POST",
      "url": "/api/auth/login"
    }
    [35mres[39m: {
      "statusCode": 200
    }
    [35mresponseTime[39m: 1282
[16:07:26.671] [32mINFO[39m (271267): [36mrequest completed[39m
    [35mreq[39m: {
      "id": 4,
      "method": "GET",
      "url": "/api/centers"
    }
    [35mres[39m: {
      "statusCode": 304
    }
    [35mresponseTime[39m: 15
[16:07:26.673] [32mINFO[39m (271267): [36mListing children[39m
    [35mreq[39m: {
      "id": 5,
      "method": "GET",
      "url": "/api/children"
    }
    [35mpage[39m: "1"
    [35mlimit[39m: "1000"
[16:07:26.748] [32mINFO[39m (271267): [36mrequest completed[39m
    [35mreq[39m: {
      "id": 8,
      "method": "GET",
      "url": "/api/admissions"
    }
    [35mres[39m: {
      "statusCode": 304
    }
    [35mresponseTime[39m: 44
[16:07:26.806] [32mINFO[39m (271267): [36mrequest completed[39m
    [35mreq[39m: {
      "id": 6,
      "method": "GET",
      "url": "/api/court-cases"
    }
    [35mres[39m: {
      "statusCode": 304
    }
    [35mresponseTime[39m: 127
[16:07:26.807] [32mINFO[39m (271267): [36mrequest completed[39m
    [35mreq[39m: {
      "id": 5,
      "method": "GET",
      "url": "/api/children"
    }
    [35mres[39m: {
      "statusCode": 304
    }
    [35mresponseTime[39m: 138
[16:07:26.833] [32mINFO[39m (271267): [36mrequest completed[39m
    [35mreq[39m: {
      "id": 11,
      "method": "GET",
      "url": "/api/children/age-alerts"
    }
    [35mres[39m: {
      "statusCode": 304
    }
    [35mresponseTime[39m: 71
[16:07:26.834] [32mINFO[39m (271267): [36mrequest completed[39m
    [35mreq[39m: {
      "id": 7,
      "method": "GET",
      "url": "/api/follow-ups"
    }
    [35mres[39m: {
      "statusCode": 304
    }
    [35mresponseTime[39m: 137
[16:07:26.869] [32mINFO[39m (271267): [36mrequest completed[39m
    [35mreq[39m: {
      "id": 9,
      "method": "GET",
      "url": "/api/cases"
    }
    [35mres[39m: {
      "statusCode": 304
    }
    [35mresponseTime[39m: 156
[16:07:26.870] [32mINFO[39m (271267): [36mrequest completed[39m
    [35mreq[39m: {
      "id": 13,
      "method": "GET",
      "url": "/api/cases"
    }
    [35mres[39m: {
      "statusCode": 304
    }
    [35mresponseTime[39m: 26
[16:07:26.889] [32mINFO[39m (271267): [36mrequest completed[39m
    [35mreq[39m: {
      "id": 10,
      "method": "GET",
      "url": "/api/health-assessments"
    }
    [35mres[39m: {
      "statusCode": 304
    }
    [35mresponseTime[39m: 159
[16:07:26.890] [32mINFO[39m (271267): [36mrequest completed[39m
    [35mreq[39m: {
      "id": 12,
      "method": "GET",
      "url": "/api/court-cases/upcoming"
    }
    [35mres[39m: {
      "statusCode": 304
    }
    [35mresponseTime[39m: 53
[16:07:26.952] [32mINFO[39m (271267): [36mrequest completed[39m
    [35mreq[39m: {
      "id": 15,
      "method": "GET",
      "url": "/api/dashboard/recent-activity"
    }
    [35mres[39m: {
      "statusCode": 304
    }
    [35mresponseTime[39m: 64
[16:07:26.952] [32mINFO[39m (271267): [36mrequest completed[39m
    [35mreq[39m: {
      "id": 16,
      "method": "GET",
      "url": "/api/dashboard/children-by-status"
    }
    [35mres[39m: {
      "statusCode": 304
    }
    [35mresponseTime[39m: 50
[16:07:26.961] [32mINFO[39m (271267): [36mrequest completed[39m
    [35mreq[39m: {
      "id": 18,
      "method": "GET",
      "url": "/api/court-cases"
    }
    [35mres[39m: {
      "statusCode": 304
    }
    [35mresponseTime[39m: 22
[16:07:26.988] [32mINFO[39m (271267): [36mrequest completed[39m
    [35mreq[39m: {
      "id": 14,
      "method": "GET",
      "url": "/api/dashboard/stats"
    }
    [35mres[39m: {
      "statusCode": 304
    }
    [35mresponseTime[39m: 121
[16:07:26.996] [32mINFO[39m (271267): [36mrequest completed[39m
    [35mreq[39m: {
      "id": 17,
      "method": "GET",
      "url": "/api/centers"
    }
    [35mres[39m: {
      "statusCode": 304
    }
    [35mresponseTime[39m: 75
[16:07:27.009] [32mINFO[39m (271267): [36mrequest completed[39m
    [35mreq[39m: {
      "id": 19,
      "method": "GET",
      "url": "/api/centers"
    }
    [35mres[39m: {
      "statusCode": 304
    }
    [35mresponseTime[39m: 5
[16:07:27.020] [32mINFO[39m (271267): [36mrequest completed[39m
    [35mreq[39m: {
      "id": 20,
      "method": "GET",
      "url": "/api/centers"
    }
    [35mres[39m: {
      "statusCode": 304
    }
    [35mresponseTime[39m: 3
[16:07:27.032] [32mINFO[39m (271267): [36mrequest completed[39m
    [35mreq[39m: {
      "id": 21,
      "method": "GET",
      "url": "/api/centers"
    }
    [35mres[39m: {
      "statusCode": 304
    }
    [35mresponseTime[39m: 3
[16:07:27.217] [32mINFO[39m (271267): [36mrequest completed[39m
    [35mreq[39m: {
      "id": 22,
      "method": "GET",
      "url": "/api/reports/monthly-report"
    }
    [35mres[39m: {
      "statusCode": 304
    }
    [35mresponseTime[39m: 93
[16:07:27.252] [32mINFO[39m (271267): [36mrequest completed[39m
    [35mreq[39m: {
      "id": 23,
      "method": "GET",
      "url": "/api/reports/monthly-report"
    }
    [35mres[39m: {
      "statusCode": 304
    }
    [35mresponseTime[39m: 34
[16:07:27.653] [32mINFO[39m (271267): [36mListing children[39m
    [35mreq[39m: {
      "id": 24,
      "method": "GET",
      "url": "/api/children"
    }
    [35mpage[39m: "1"
    [35mlimit[39m: "1000"
[16:07:27.672] [32mINFO[39m (271267): [36mrequest completed[39m
    [35mreq[39m: {
      "id": 24,
      "method": "GET",
      "url": "/api/children"
    }
    [35mres[39m: {
      "statusCode": 304
    }
    [35mresponseTime[39m: 20
[16:07:27.681] [32mINFO[39m (271267): [36mListing children[39m
    [35mreq[39m: {
      "id": 25,
      "method": "GET",
      "url": "/api/children"
    }
    [35mpage[39m: "1"
    [35mlimit[39m: "1000"
[16:07:27.697] [32mINFO[39m (271267): [36mrequest completed[39m
    [35mreq[39m: {
      "id": 25,
      "method": "GET",
      "url": "/api/children"
    }
    [35mres[39m: {
      "statusCode": 304
    }
    [35mresponseTime[39m: 17
[16:07:27.704] [32mINFO[39m (271267): [36mListing children[39m
    [35mreq[39m: {
      "id": 26,
      "method": "GET",
      "url": "/api/children"
    }
    [35mpage[39m: "1"
    [35mlimit[39m: "1000"
[16:07:27.719] [32mINFO[39m (271267): [36mrequest completed[39m
    [35mreq[39m: {
      "id": 26,
      "method": "GET",
      "url": "/api/children"
    }
    [35mres[39m: {
      "statusCode": 304
    }
    [35mresponseTime[39m: 15
[16:07:30.439] [32mINFO[39m (271267): [36mrequest completed[39m
    [35mreq[39m: {
      "id": 27,
      "method": "GET",
      "url": "/api/case-types"
    }
    [35mres[39m: {
      "statusCode": 304
    }
    [35mresponseTime[39m: 5
[16:07:33.478] [32mINFO[39m (271267): [36mrequest completed[39m
    [35mreq[39m: {
      "id": 28,
      "method": "GET",
      "url": "/api/admissions"
    }
    [35mres[39m: {
      "statusCode": 304
    }
    [35mresponseTime[39m: 14
[16:07:35.266] [32mINFO[39m (271267): [36mrequest completed[39m
    [35mreq[39m: {
      "id": 29,
      "method": "GET",
      "url": "/api/case-types"
    }
    [35mres[39m: {
      "statusCode": 304
    }
    [35mresponseTime[39m: 4
[16:07:35.314] [32mINFO[39m (271267): [36mrequest completed[39m
    [35mreq[39m: {
      "id": 30,
      "method": "GET",
      "url": "/api/admin-units/tree"
    }
    [35mres[39m: {
      "statusCode": 304
    }
    [35mresponseTime[39m: 23
[16:07:35.314] [32mINFO[39m (271267): [36mrequest completed[39m
    [35mreq[39m: {
      "id": 31,
      "method": "GET",
      "url": "/api/centers"
    }
    [35mres[39m: {
      "statusCode": 304
    }
    [35mresponseTime[39m: 20
[16:07:53.331] [32mINFO[39m (271267): [36mrequest completed[39m
    [35mreq[39m: {
      "id": 32,
      "method": "GET",
      "url": "/api/case-types"
    }
    [35mres[39m: {
      "statusCode": 304
    }
    [35mresponseTime[39m: 25
[16:07:55.700] [32mINFO[39m (271267): [36mrequest completed[39m
    [35mreq[39m: {
      "id": 33,
      "method": "DELETE",
      "url": "/api/case-types/16"
    }
    [35mres[39m: {
      "statusCode": 200
    }
    [35mresponseTime[39m: 12
[16:07:55.772] [32mINFO[39m (271267): [36mrequest completed[39m
    [35mreq[39m: {
      "id": 34,
      "method": "GET",
      "url": "/api/case-types"
    }
    [35mres[39m: {
      "statusCode": 200
    }
    [35mresponseTime[39m: 6
[16:07:59.519] [32mINFO[39m (271267): [36mrequest completed[39m
    [35mreq[39m: {
      "id": 35,
      "method": "GET",
      "url": "/api/admissions"
    }
    [35mres[39m: {
      "statusCode": 304
    }
    [35mresponseTime[39m: 16
[16:08:02.560] [32mINFO[39m (271267): [36mrequest completed[39m
    [35mreq[39m: {
      "id": 36,
      "method": "GET",
      "url": "/api/case-types"
    }
    [35mres[39m: {
      "statusCode": 304
    }
    [35mresponseTime[39m: 4
[16:08:02.605] [32mINFO[39m (271267): [36mrequest completed[39m
    [35mreq[39m: {
      "id": 37,
      "method": "GET",
      "url": "/api/admin-units/tree"
    }
    [35mres[39m: {
      "statusCode": 304
    }
    [35mresponseTime[39m: 20
[16:08:02.630] [32mINFO[39m (271267): [36mrequest completed[39m
    [35mreq[39m: {
      "id": 38,
      "method": "GET",
      "url": "/api/centers"
    }
    [35mres[39m: {
      "statusCode": 304
    }
    [35mresponseTime[39m: 42
[16:08:10.005] [32mINFO[39m (271267): [36mrequest completed[39m
    [35mreq[39m: {
      "id": 39,
      "method": "GET",
      "url": "/api/case-types"
    }
    [35mres[39m: {
      "statusCode": 304
    }
    [35mresponseTime[39m: 5
[16:08:19.443] [32mINFO[39m (271267): [36mrequest completed[39m
    [35mreq[39m: {
      "id": 40,
      "method": "POST",
      "url": "/api/case-types"
    }
    [35mres[39m: {
      "statusCode": 201
    }
    [35mresponseTime[39m: 10
[16:08:19.492] [32mINFO[39m (271267): [36mrequest completed[39m
    [35mreq[39m: {
      "id": 41,
      "method": "GET",
      "url": "/api/case-types"
    }
    [35mres[39m: {
      "statusCode": 200
    }
    [35mresponseTime[39m: 3
[16:08:22.900] [32mINFO[39m (271267): [36mrequest completed[39m
    [35mreq[39m: {
      "id": 42,
      "method": "GET",
      "url": "/api/admissions"
    }
    [35mres[39m: {
      "statusCode": 304
    }
    [35mresponseTime[39m: 14
[16:08:25.645] [32mINFO[39m (271267): [36mrequest completed[39m
    [35mreq[39m: {
      "id": 43,
      "method": "GET",
      "url": "/api/case-types"
    }
    [35mres[39m: {
      "statusCode": 304
    }
    [35mresponseTime[39m: 6
[16:08:25.702] [32mINFO[39m (271267): [36mrequest completed[39m
    [35mreq[39m: {
      "id": 44,
      "method": "GET",
      "url": "/api/admin-units/tree"
    }
    [35mres[39m: {
      "statusCode": 304
    }
    [35mresponseTime[39m: 30
[16:08:25.742] [32mINFO[39m (271267): [36mrequest completed[39m
    [35mreq[39m: {
      "id": 45,
      "method": "GET",
      "url": "/api/centers"
    }
    [35mres[39m: {
      "statusCode": 304
    }
    [35mresponseTime[39m: 68
[16:08:35.414] [32mINFO[39m (271267): [36mrequest completed[39m
    [35mreq[39m: {
      "id": 46,
      "method": "GET",
      "url": "/api/case-types"
    }
    [35mres[39m: {
      "statusCode": 304
    }
    [35mresponseTime[39m: 5
[16:08:38.630] [32mINFO[39m (271267): [36mrequest completed[39m
    [35mreq[39m: {
      "id": 47,
      "method": "DELETE",
      "url": "/api/case-types/17"
    }
    [35mres[39m: {
      "statusCode": 200
    }
    [35mresponseTime[39m: 8
[16:08:38.698] [32mINFO[39m (271267): [36mrequest completed[39m
    [35mreq[39m: {
      "id": 48,
      "method": "GET",
      "url": "/api/case-types"
    }
    [35mres[39m: {
      "statusCode": 200
    }
    [35mresponseTime[39m: 7
[16:12:06.925] [32mINFO[39m (271267): [36mrequest completed[39m
    [35mreq[39m: {
      "id": 49,
      "method": "GET",
      "url": "/api/auth/me"
    }
    [35mres[39m: {
      "statusCode": 304
    }
    [35mresponseTime[39m: 25
[16:12:07.106] [32mINFO[39m (271267): [36mListing children[39m
    [35mreq[39m: {
      "id": 51,
      "method": "GET",
      "url": "/api/children"
    }
    [35mpage[39m: "1"
    [35mlimit[39m: "1000"
[16:12:07.110] [32mINFO[39m (271267): [36mrequest completed[39m
    [35mreq[39m: {
      "id": 50,
      "method": "GET",
      "url": "/api/centers"
    }
    [35mres[39m: {
      "statusCode": 304
    }
    [35mresponseTime[39m: 7
[16:12:07.126] [32mINFO[39m (271267): [36mrequest completed[39m
    [35mreq[39m: {
      "id": 52,
      "method": "GET",
      "url": "/api/court-cases"
    }
    [35mres[39m: {
      "statusCode": 304
    }
    [35mresponseTime[39m: 15
[16:12:07.153] [32mINFO[39m (271267): [36mrequest completed[39m
    [35mreq[39m: {
      "id": 54,
      "method": "GET",
      "url": "/api/admissions"
    }
    [35mres[39m: {
      "statusCode": 304
    }
    [35mresponseTime[39m: 28
[16:12:07.189] [32mINFO[39m (271267): [36mrequest completed[39m
    [35mreq[39m: {
      "id": 57,
      "method": "GET",
      "url": "/api/children/age-alerts"
    }
    [35mres[39m: {
      "statusCode": 304
    }
    [35mresponseTime[39m: 37
[16:12:07.217] [32mINFO[39m (271267): [36mrequest completed[39m
    [35mreq[39m: {
      "id": 53,
      "method": "GET",
      "url": "/api/follow-ups"
    }
    [35mres[39m: {
      "statusCode": 304
    }
    [35mresponseTime[39m: 100
[16:12:07.218] [32mINFO[39m (271267): [36mrequest completed[39m
    [35mreq[39m: {
      "id": 59,
      "method": "GET",
      "url": "/api/cases"
    }
    [35mres[39m: {
      "statusCode": 304
    }
    [35mresponseTime[39m: 17
[16:12:07.230] [32mINFO[39m (271267): [36mrequest completed[39m
    [35mreq[39m: {
      "id": 55,
      "method": "GET",
      "url": "/api/cases"
    }
    [35mres[39m: {
      "statusCode": 304
    }
    [35mresponseTime[39m: 99
[16:12:07.247] [32mINFO[39m (271267): [36mrequest completed[39m
    [35mreq[39m: {
      "id": 56,
      "method": "GET",
      "url": "/api/health-assessments"
    }
    [35mres[39m: {
      "statusCode": 304
    }
    [35mresponseTime[39m: 107
[16:12:07.299] [32mINFO[39m (271267): [36mrequest completed[39m
    [35mreq[39m: {
      "id": 62,
      "method": "GET",
      "url": "/api/dashboard/children-by-status"
    }
    [35mres[39m: {
      "statusCode": 304
    }
    [35mresponseTime[39m: 45
[16:12:07.304] [32mINFO[39m (271267): [36mrequest completed[39m
    [35mreq[39m: {
      "id": 63,
      "method": "GET",
      "url": "/api/centers"
    }
    [35mres[39m: {
      "statusCode": 304
    }
    [35mresponseTime[39m: 17
[16:12:07.320] [32mINFO[39m (271267): [36mrequest completed[39m
    [35mreq[39m: {
      "id": 61,
      "method": "GET",
      "url": "/api/dashboard/recent-activity"
    }
    [35mres[39m: {
      "statusCode": 304
    }
    [35mresponseTime[39m: 74
[16:12:07.320] [32mINFO[39m (271267): [36mrequest completed[39m
    [35mreq[39m: {
      "id": 58,
      "method": "GET",
      "url": "/api/court-cases/upcoming"
    }
    [35mres[39m: {
      "statusCode": 304
    }
    [35mresponseTime[39m: 151
[16:12:07.321] [32mINFO[39m (271267): [36mrequest completed[39m
    [35mreq[39m: {
      "id": 51,
      "method": "GET",
      "url": "/api/children"
    }
    [35mres[39m: {
      "statusCode": 304
    }
    [35mresponseTime[39m: 215
[16:12:07.333] [32mINFO[39m (271267): [36mrequest completed[39m
    [35mreq[39m: {
      "id": 65,
      "method": "GET",
      "url": "/api/centers"
    }
    [35mres[39m: {
      "statusCode": 304
    }
    [35mresponseTime[39m: 6
[16:12:07.339] [32mINFO[39m (271267): [36mrequest completed[39m
    [35mreq[39m: {
      "id": 64,
      "method": "GET",
      "url": "/api/court-cases"
    }
    [35mres[39m: {
      "statusCode": 304
    }
    [35mresponseTime[39m: 15
[16:12:07.351] [32mINFO[39m (271267): [36mrequest completed[39m
    [35mreq[39m: {
      "id": 66,
      "method": "GET",
      "url": "/api/centers"
    }
    [35mres[39m: {
      "statusCode": 304
    }
    [35mresponseTime[39m: 7
[16:12:07.357] [32mINFO[39m (271267): [36mrequest completed[39m
    [35mreq[39m: {
      "id": 60,
      "method": "GET",
      "url": "/api/dashboard/stats"
    }
    [35mres[39m: {
      "statusCode": 304
    }
    [35mresponseTime[39m: 119
[16:12:07.366] [32mINFO[39m (271267): [36mrequest completed[39m
    [35mreq[39m: {
      "id": 67,
      "method": "GET",
      "url": "/api/centers"
    }
    [35mres[39m: {
      "statusCode": 304
    }
    [35mresponseTime[39m: 5
[16:12:07.495] [32mINFO[39m (271267): [36mListing children[39m
    [35mreq[39m: {
      "id": 68,
      "method": "GET",
      "url": "/api/children"
    }
    [35mpage[39m: "1"
    [35mlimit[39m: "1000"
[16:12:07.520] [32mINFO[39m (271267): [36mrequest completed[39m
    [35mreq[39m: {
      "id": 68,
      "method": "GET",
      "url": "/api/children"
    }
    [35mres[39m: {
      "statusCode": 304
    }
    [35mresponseTime[39m: 26
[16:12:07.528] [32mINFO[39m (271267): [36mListing children[39m
    [35mreq[39m: {
      "id": 69,
      "method": "GET",
      "url": "/api/children"
    }
    [35mpage[39m: "1"
    [35mlimit[39m: "1000"
[16:12:07.551] [32mINFO[39m (271267): [36mrequest completed[39m
    [35mreq[39m: {
      "id": 69,
      "method": "GET",
      "url": "/api/children"
    }
    [35mres[39m: {
      "statusCode": 304
    }
    [35mresponseTime[39m: 24
[16:12:07.561] [32mINFO[39m (271267): [36mListing children[39m
    [35mreq[39m: {
      "id": 70,
      "method": "GET",
      "url": "/api/children"
    }
    [35mpage[39m: "1"
    [35mlimit[39m: "1000"
[16:12:07.598] [32mINFO[39m (271267): [36mrequest completed[39m
    [35mreq[39m: {
      "id": 70,
      "method": "GET",
      "url": "/api/children"
    }
    [35mres[39m: {
      "statusCode": 304
    }
    [35mresponseTime[39m: 37
[16:12:07.629] [32mINFO[39m (271267): [36mrequest completed[39m
    [35mreq[39m: {
      "id": 71,
      "method": "GET",
      "url": "/api/reports/monthly-report"
    }
    [35mres[39m: {
      "statusCode": 304
    }
    [35mresponseTime[39m: 65
[16:12:07.662] [32mINFO[39m (271267): [36mrequest completed[39m
    [35mreq[39m: {
      "id": 72,
      "method": "GET",
      "url": "/api/reports/monthly-report"
    }
    [35mres[39m: {
      "statusCode": 304
    }
    [35mresponseTime[39m: 31
[16:12:12.070] [32mINFO[39m (271267): [36mrequest completed[39m
    [35mreq[39m: {
      "id": 73,
      "method": "POST",
      "url": "/api/auth/logout"
    }
    [35mres[39m: {
      "statusCode": 200
    }
    [35mresponseTime[39m: 3
[16:12:17.913] [32mINFO[39m (271267): [36mrequest completed[39m
    [35mreq[39m: {
      "id": 74,
      "method": "POST",
      "url": "/api/auth/login"
    }
    [35mres[39m: {
      "statusCode": 200
    }
    [35mresponseTime[39m: 1130
[16:12:18.147] [32mINFO[39m (271267): [36mrequest completed[39m
    [35mreq[39m: {
      "id": 75,
      "method": "GET",
      "url": "/api/centers"
    }
    [35mres[39m: {
      "statusCode": 304
    }
    [35mresponseTime[39m: 4
[16:12:18.246] [32mINFO[39m (271267): [36mrequest completed[39m
    [35mreq[39m: {
      "id": 76,
      "method": "GET",
      "url": "/api/reports/monthly-report"
    }
    [35mres[39m: {
      "statusCode": 304
    }
    [35mresponseTime[39m: 99
[16:12:18.268] [32mINFO[39m (271267): [36mListing children[39m
    [35mreq[39m: {
      "id": 77,
      "method": "GET",
      "url": "/api/children"
    }
    [35mpage[39m: "1"
    [35mlimit[39m: "1000"
[16:12:18.283] [32mINFO[39m (271267): [36mrequest completed[39m
    [35mreq[39m: {
      "id": 78,
      "method": "GET",
      "url": "/api/centers"
    }
    [35mres[39m: {
      "statusCode": 304
    }
    [35mresponseTime[39m: 9
[16:12:18.301] [32mINFO[39m (271267): [36mrequest completed[39m
    [35mreq[39m: {
      "id": 77,
      "method": "GET",
      "url": "/api/children"
    }
    [35mres[39m: {
      "statusCode": 304
    }
    [35mresponseTime[39m: 35
[16:12:18.312] [32mINFO[39m (271267): [36mrequest completed[39m
    [35mreq[39m: {
      "id": 79,
      "method": "GET",
      "url": "/api/court-cases"
    }
    [35mres[39m: {
      "statusCode": 304
    }
    [35mresponseTime[39m: 28
[16:12:18.312] [32mINFO[39m (271267): [36mrequest completed[39m
    [35mreq[39m: {
      "id": 80,
      "method": "GET",
      "url": "/api/follow-ups"
    }
    [35mres[39m: {
      "statusCode": 304
    }
    [35mresponseTime[39m: 23
[16:12:18.334] [32mINFO[39m (271267): [36mrequest completed[39m
    [35mreq[39m: {
      "id": 81,
      "method": "GET",
      "url": "/api/admissions"
    }
    [35mres[39m: {
      "statusCode": 304
    }
    [35mresponseTime[39m: 34
[16:12:18.334] [32mINFO[39m (271267): [36mrequest completed[39m
    [35mreq[39m: {
      "id": 82,
      "method": "GET",
      "url": "/api/cases"
    }
    [35mres[39m: {
      "statusCode": 304
    }
    [35mresponseTime[39m: 23
[16:12:18.342] [32mINFO[39m (271267): [36mrequest completed[39m
    [35mreq[39m: {
      "id": 83,
      "method": "GET",
      "url": "/api/health-assessments"
    }
    [35mres[39m: {
      "statusCode": 304
    }
    [35mresponseTime[39m: 23
[16:12:18.359] [32mINFO[39m (271267): [36mrequest completed[39m
    [35mreq[39m: {
      "id": 84,
      "method": "GET",
      "url": "/api/children/age-alerts"
    }
    [35mres[39m: {
      "statusCode": 304
    }
    [35mresponseTime[39m: 26
[16:12:18.382] [32mINFO[39m (271267): [36mrequest completed[39m
    [35mreq[39m: {
      "id": 85,
      "method": "GET",
      "url": "/api/court-cases/upcoming"
    }
    [35mres[39m: {
      "statusCode": 304
    }
    [35mresponseTime[39m: 36
[16:12:18.383] [32mINFO[39m (271267): [36mrequest completed[39m
    [35mreq[39m: {
      "id": 86,
      "method": "GET",
      "url": "/api/cases"
    }
    [35mres[39m: {
      "statusCode": 304
    }
    [35mresponseTime[39m: 25
[16:12:18.429] [32mINFO[39m (271267): [36mrequest completed[39m
    [35mreq[39m: {
      "id": 87,
      "method": "GET",
      "url": "/api/dashboard/stats"
    }
    [35mres[39m: {
      "statusCode": 304
    }
    [35mresponseTime[39m: 62
[16:12:18.441] [32mINFO[39m (271267): [36mrequest completed[39m
    [35mreq[39m: {
      "id": 89,
      "method": "GET",
      "url": "/api/dashboard/children-by-status"
    }
    [35mres[39m: {
      "statusCode": 304
    }
    [35mresponseTime[39m: 48
[16:12:18.441] [32mINFO[39m (271267): [36mrequest completed[39m
    [35mreq[39m: {
      "id": 90,
      "method": "GET",
      "url": "/api/centers"
    }
    [35mres[39m: {
      "statusCode": 304
    }
    [35mresponseTime[39m: 30
[16:12:18.448] [32mINFO[39m (271267): [36mrequest completed[39m
    [35mreq[39m: {
      "id": 88,
      "method": "GET",
      "url": "/api/dashboard/recent-activity"
    }
    [35mres[39m: {
      "statusCode": 304
    }
    [35mresponseTime[39m: 67
[16:12:18.448] [32mINFO[39m (271267): [36mrequest completed[39m
    [35mreq[39m: {
      "id": 91,
      "method": "GET",
      "url": "/api/court-cases"
    }
    [35mres[39m: {
      "statusCode": 304
    }
    [35mresponseTime[39m: 20
[16:12:18.463] [32mINFO[39m (271267): [36mrequest completed[39m
    [35mreq[39m: {
      "id": 92,
      "method": "GET",
      "url": "/api/centers"
    }
    [35mres[39m: {
      "statusCode": 304
    }
    [35mresponseTime[39m: 4
[16:12:18.477] [32mINFO[39m (271267): [36mrequest completed[39m
    [35mreq[39m: {
      "id": 93,
      "method": "GET",
      "url": "/api/centers"
    }
    [35mres[39m: {
      "statusCode": 304
    }
    [35mresponseTime[39m: 5
[16:12:18.569] [32mINFO[39m (271267): [36mrequest completed[39m
    [35mreq[39m: {
      "id": 94,
      "method": "GET",
      "url": "/api/reports/monthly-report"
    }
    [35mres[39m: {
      "statusCode": 304
    }
    [35mresponseTime[39m: 25
[16:12:18.860] [32mINFO[39m (271267): [36mListing children[39m
    [35mreq[39m: {
      "id": 95,
      "method": "GET",
      "url": "/api/children"
    }
    [35mpage[39m: "1"
    [35mlimit[39m: "1000"
[16:12:18.889] [32mINFO[39m (271267): [36mrequest completed[39m
    [35mreq[39m: {
      "id": 95,
      "method": "GET",
      "url": "/api/children"
    }
    [35mres[39m: {
      "statusCode": 304
    }
    [35mresponseTime[39m: 30
[16:12:18.897] [32mINFO[39m (271267): [36mListing children[39m
    [35mreq[39m: {
      "id": 96,
      "method": "GET",
      "url": "/api/children"
    }
    [35mpage[39m: "1"
    [35mlimit[39m: "1000"
[16:12:18.917] [32mINFO[39m (271267): [36mrequest completed[39m
    [35mreq[39m: {
      "id": 96,
      "method": "GET",
      "url": "/api/children"
    }
    [35mres[39m: {
      "statusCode": 304
    }
    [35mresponseTime[39m: 21
[16:12:18.926] [32mINFO[39m (271267): [36mListing children[39m
    [35mreq[39m: {
      "id": 97,
      "method": "GET",
      "url": "/api/children"
    }
    [35mpage[39m: "1"
    [35mlimit[39m: "1000"
[16:12:18.939] [32mINFO[39m (271267): [36mrequest completed[39m
    [35mreq[39m: {
      "id": 97,
      "method": "GET",
      "url": "/api/children"
    }
    [35mres[39m: {
      "statusCode": 304
    }
    [35mresponseTime[39m: 14
[16:12:21.355] [32mINFO[39m (271267): [36mrequest completed[39m
    [35mreq[39m: {
      "id": 98,
      "method": "GET",
      "url": "/api/admissions"
    }
    [35mres[39m: {
      "statusCode": 304
    }
    [35mresponseTime[39m: 11
